[INFO] Error stacktraces are turned on.
[ERROR] COMPILATION ERROR : 
[ERROR] /C:/Users/shiva/OneDrive/Desktop/ai promt generator/backend/src/main/java/com/example/promptimprover/service/GeminiService.java:[117,6] reached end of file while parsing
[INFO] 1 error
[INFO] BUILD FAILURE
[ERROR] Failed to execute goal org.apache.maven.plugins:maven-compiler-plugin:3.11.0:compile (default-compile) on project prompt-improver: Compilation failure
[ERROR] /C:/Users/shiva/OneDrive/Desktop/ai promt generator/backend/src/main/java/com/example/promptimprover/service/GeminiService.java:[117,6] reached end of file while parsing
[ERROR] 
[ERROR] -> [Help 1]
org.apache.maven.lifecycle.LifecycleExecutionException: Failed to execute goal org.apache.maven.plugins:maven-compiler-plugin:3.11.0:compile (default-compile) on project prompt-improver: Compilation failure
Caused by: org.apache.maven.plugin.compiler.CompilationFailureException: Compilation failure
[ERROR] 
[ERROR] Re-run Maven using the -X switch to enable full debug logging.
[ERROR] 
[ERROR] For more information about the errors and possible solutions, please read the following articles:
[ERROR] [Help 1] http://cwiki.apache.org/confluence/display/MAVEN/MojoFailureException
